Students contacts
GoogleDocs
Slack setup
GitHub setup
Folder structure
Docs sharing
First push


User@DESKTOP-S34S91L MINGW64 /c/Projects/Tekwill/src/Tekwill_oca (master)
$ git commit -m "My first commit"
On branch master
Your branch is up to date with 'origin/master'.

nothing to commit, working tree clean

User@DESKTOP-S34S91L MINGW64 /c/Projects/Tekwill/src/Tekwill_oca (master)
$ git push origin master
Everything up-to-date

User
+++++++++++++++++++++++++++++++++++++++++++++++++++++++++++++++++++++
User@DESKTOP-S34S91L MINGW64 ~ (master)
$ cd /c/projects/tekwill/src/Tekwill_oca

User@DESKTOP-S34S91L MINGW64 /c/projects/tekwill/src/Tekwill_oca (master)
$ git init
Reinitialized existing Git repository in C:/Projects/Tekwill/src/Tekwill_oca/.git/

User@DESKTOP-S34S91L MINGW64 /c/projects/tekwill/src/Tekwill_oca (master)
$ git status
On branch master
Your branch is up to date with 'origin/master'.

nothing to commit, working tree clean

User@DESKTOP-S34S91L MINGW64 /c/projects/tekwill/src/Tekwill_oca (master)
$ git config -global user.email stud2me@gmail.com
+++++++++++++++++++++++++++++++++++++++++++++++++++++++++++++++++++++++
